https://www.tiktok.com/@diyproofc/video/7440459522247904567?is_from_webapp=1&sender_device=pc
